#-----------------------------------------------------------
# Vivado v2023.1 (64-bit)
# SW Build 3865809 on Sun May  7 15:05:29 MDT 2023
# IP Build 3864474 on Sun May  7 20:36:21 MDT 2023
# SharedData Build 3865790 on Sun May 07 13:33:03 MDT 2023
# Start of session at: Sat Sep 28 00:34:10 2024
# Process ID: 29176
# Current directory: D:/VScode/course/ca-lab/prj3/exp10/mycpu_env/soc_verify/soc_bram/run_vivado/project/loongson.runs/clk_pll_synth_1
# Command line: vivado.exe -log clk_pll.vds -product Vivado -mode batch -messageDb vivado.pb -notrace -source clk_pll.tcl
# Log file: D:/VScode/course/ca-lab/prj3/exp10/mycpu_env/soc_verify/soc_bram/run_vivado/project/loongson.runs/clk_pll_synth_1/clk_pll.vds
# Journal file: D:/VScode/course/ca-lab/prj3/exp10/mycpu_env/soc_verify/soc_bram/run_vivado/project/loongson.runs/clk_pll_synth_1\vivado.jou
# Running On: LAPTOP-1, OS: Windows, CPU Frequency: 2803 MHz, CPU Physical cores: 4, Host memory: 16969 MB
#-----------------------------------------------------------
source clk_pll.tcl -notrace
